2026-09-05 12:57:09 — INFO — Running with edr=0.19.5
2026-09-05 12:57:16 — INFO — Running with edr=0.19.5
2026-09-05 12:57:30 — INFO — Running with edr=0.19.5
2026-09-05 12:57:30 — INFO — edr internal dbt package is not up-to-date, updating it...
2026-09-05 12:57:30 — INFO — Running dbt command --log-format json deps --project-dir /Users/admin/Desktop/fx_macro_platform/dbt --profiles-dir /Users/admin/Desktop/fx_macro_platform/dbt
2026-09-05 12:57:32 — INFO — Installing packages for edr internal dbt package...
2026-09-05 12:57:32 — INFO — Running dbt command --log-format json deps --project-dir /Users/admin/Desktop/fx_macro_platform/.venv/lib/python3.12/site-packages/elementary/monitor/dbt_project --profiles-dir /Users/admin/Desktop/fx_macro_platform/dbt
2026-09-05 12:57:34 — DEBUG — Running dbt command --log-format json run-operation elementary.log_macro_results --args {"macro_name": "elementary_cli.get_latest_invocation", "macro_args": {}} --project-dir /Users/admin/Desktop/fx_macro_platform/.venv/lib/python3.12/site-packages/elementary/monitor/dbt_project --profiles-dir /Users/admin/Desktop/fx_macro_platform/dbt
[31;20m2026-09-05 12:57:34 — ERROR — Unable to get the latest invocation: Failed to run dbt command.
Runtime Error
  Could not find profile named 'elementary'[0m
2026-09-05 12:57:34 — DEBUG — Running dbt command --log-format json run-operation elementary.log_macro_results --args {"macro_name": "elementary_cli.get_adapter_type_and_unique_id", "macro_args": {}} --project-dir /Users/admin/Desktop/fx_macro_platform/.venv/lib/python3.12/site-packages/elementary/monitor/dbt_project --profiles-dir /Users/admin/Desktop/fx_macro_platform/dbt
2026-09-05 12:57:35 — DEBUG — Could not get warehouse info.
Traceback (most recent call last):
  File "/Users/admin/Desktop/fx_macro_platform/.venv/lib/python3.12/site-packages/elementary/monitor/data_monitoring/data_monitoring.py", line 140, in _get_warehouse_info
    self.internal_dbt_runner.run_operation(
  File "/Users/admin/Desktop/fx_macro_platform/.venv/lib/python3.12/site-packages/elementary/clients/dbt/command_line_dbt_runner.py", line 177, in run_operation
    result = self._run_command(
             ^^^^^^^^^^^^^^^^^^
  File "/Users/admin/Desktop/fx_macro_platform/.venv/lib/python3.12/site-packages/elementary/clients/dbt/command_line_dbt_runner.py", line 114, in _run_command
    result = self._inner_run_command(
             ^^^^^^^^^^^^^^^^^^^^^^^^
  File "/Users/admin/Desktop/fx_macro_platform/.venv/lib/python3.12/site-packages/elementary/clients/dbt/api_dbt_runner.py", line 54, in _inner_run_command
    raise DbtCommandError(
elementary.exceptions.exceptions.DbtCommandError: Failed to run dbt command.
Runtime Error
  Could not find profile named 'elementary'
2026-09-05 12:57:35 — DEBUG — Running dbt command --log-format json run-operation elementary.log_macro_results --args {"macro_name": "elementary_cli.get_elementary_database_and_schema", "macro_args": {}} --project-dir /Users/admin/Desktop/fx_macro_platform/.venv/lib/python3.12/site-packages/elementary/monitor/dbt_project --profiles-dir /Users/admin/Desktop/fx_macro_platform/dbt
[31;20m2026-09-05 12:57:35 — ERROR — Failed to parse Elementary's database and schema.[0m
2026-09-05 12:57:35 — INFO — Running dbt command --log-format json run-operation elementary.log_macro_results --args {"macro_name": "elementary_cli.get_test_results", "macro_args": {"days_back": 7, "invocations_per_test": 720, "disable_passed_test_metrics": false}} --project-dir /Users/admin/Desktop/fx_macro_platform/.venv/lib/python3.12/site-packages/elementary/monitor/dbt_project --profiles-dir /Users/admin/Desktop/fx_macro_platform/dbt
[31;20m2026-09-05 12:57:36 — ERROR — Could not generate the report - Error: Failed to run dbt command.
Runtime Error
  Could not find profile named 'elementary'
Please reach out to our community for help with this issue.[0m
Traceback (most recent call last):
  File "/Users/admin/Desktop/fx_macro_platform/.venv/lib/python3.12/site-packages/elementary/monitor/api/report/report.py", line 84, in get_report_data
    tests_api = TestsAPI(
                ^^^^^^^^^
  File "/Users/admin/Desktop/fx_macro_platform/.venv/lib/python3.12/site-packages/elementary/monitor/api/tests/tests.py", line 52, in __init__
    self.test_results_db_rows = self._get_test_results_db_rows(
                                ^^^^^^^^^^^^^^^^^^^^^^^^^^^^^^^
  File "/Users/admin/Desktop/fx_macro_platform/.venv/lib/python3.12/site-packages/elementary/monitor/api/tests/tests.py", line 64, in _get_test_results_db_rows
    return self.tests_fetcher.get_all_test_results_db_rows(
           ^^^^^^^^^^^^^^^^^^^^^^^^^^^^^^^^^^^^^^^^^^^^^^^^
  File "/Users/admin/Desktop/fx_macro_platform/.venv/lib/python3.12/site-packages/elementary/monitor/fetchers/tests/tests.py", line 26, in get_all_test_results_db_rows
    run_operation_response = self.dbt_runner.run_operation(
                             ^^^^^^^^^^^^^^^^^^^^^^^^^^^^^^
  File "/Users/admin/Desktop/fx_macro_platform/.venv/lib/python3.12/site-packages/elementary/clients/dbt/command_line_dbt_runner.py", line 177, in run_operation
    result = self._run_command(
             ^^^^^^^^^^^^^^^^^^
  File "/Users/admin/Desktop/fx_macro_platform/.venv/lib/python3.12/site-packages/elementary/clients/dbt/command_line_dbt_runner.py", line 114, in _run_command
    result = self._inner_run_command(
             ^^^^^^^^^^^^^^^^^^^^^^^^
  File "/Users/admin/Desktop/fx_macro_platform/.venv/lib/python3.12/site-packages/elementary/clients/dbt/api_dbt_runner.py", line 54, in _inner_run_command
    raise DbtCommandError(
elementary.exceptions.exceptions.DbtCommandError: Failed to run dbt command.
Runtime Error
  Could not find profile named 'elementary'
2026-09-05 12:58:07 — INFO — Running with edr=0.19.5
2026-09-05 12:58:07 — INFO — edr internal dbt package is not up-to-date, updating it...
2026-09-05 12:58:07 — INFO — Running dbt command --log-format json deps --project-dir /Users/admin/Desktop/fx_macro_platform/dbt --profiles-dir /Users/admin/Desktop/fx_macro_platform/dbt
2026-09-05 12:58:09 — DEBUG — Running dbt command --log-format json run-operation elementary.log_macro_results --args {"macro_name": "elementary_cli.get_latest_invocation", "macro_args": {}} --project-dir /Users/admin/Desktop/fx_macro_platform/.venv/lib/python3.12/site-packages/elementary/monitor/dbt_project --profiles-dir /Users/admin/Desktop/fx_macro_platform/dbt
2026-09-05 12:58:12 — DEBUG — Result bytes size for command '['--log-format', 'json', 'run-operation', 'elementary.log_macro_results', '--args', '{"macro_name": "elementary_cli.get_latest_invocation", "macro_args": {}}', '--project-dir', '/Users/admin/Desktop/fx_macro_platform/.venv/lib/python3.12/site-packages/elementary/monitor/dbt_project', '--profiles-dir', '/Users/admin/Desktop/fx_macro_platform/dbt']' is 2480
2026-09-05 12:58:12 — DEBUG — Running dbt command --log-format json run-operation elementary.log_macro_results --args {"macro_name": "elementary_cli.get_adapter_type_and_unique_id", "macro_args": {}} --project-dir /Users/admin/Desktop/fx_macro_platform/.venv/lib/python3.12/site-packages/elementary/monitor/dbt_project --profiles-dir /Users/admin/Desktop/fx_macro_platform/dbt
2026-09-05 12:58:13 — DEBUG — Result bytes size for command '['--log-format', 'json', 'run-operation', 'elementary.log_macro_results', '--args', '{"macro_name": "elementary_cli.get_adapter_type_and_unique_id", "macro_args": {}}', '--project-dir', '/Users/admin/Desktop/fx_macro_platform/.venv/lib/python3.12/site-packages/elementary/monitor/dbt_project', '--profiles-dir', '/Users/admin/Desktop/fx_macro_platform/dbt']' is 456
2026-09-05 12:58:13 — INFO — edr (0.19.5) and Elementary's dbt package (0.19.4) are compatible.
2026-09-05 12:58:13 — DEBUG — Running dbt command --log-format json run-operation elementary.log_macro_results --args {"macro_name": "elementary_cli.get_elementary_database_and_schema", "macro_args": {}} --project-dir /Users/admin/Desktop/fx_macro_platform/.venv/lib/python3.12/site-packages/elementary/monitor/dbt_project --profiles-dir /Users/admin/Desktop/fx_macro_platform/dbt
2026-09-05 12:58:14 — DEBUG — Result bytes size for command '['--log-format', 'json', 'run-operation', 'elementary.log_macro_results', '--args', '{"macro_name": "elementary_cli.get_elementary_database_and_schema", "macro_args": {}}', '--project-dir', '/Users/admin/Desktop/fx_macro_platform/.venv/lib/python3.12/site-packages/elementary/monitor/dbt_project', '--profiles-dir', '/Users/admin/Desktop/fx_macro_platform/dbt']' is 446
2026-09-05 12:58:14 — INFO — Elementary's database and schema: '"warehouse.elementary"'
2026-09-05 12:58:14 — INFO — Running dbt command --log-format json run-operation elementary.log_macro_results --args {"macro_name": "elementary_cli.get_test_results", "macro_args": {"days_back": 7, "invocations_per_test": 720, "disable_passed_test_metrics": false}} --project-dir /Users/admin/Desktop/fx_macro_platform/.venv/lib/python3.12/site-packages/elementary/monitor/dbt_project --profiles-dir /Users/admin/Desktop/fx_macro_platform/dbt
2026-09-05 12:58:15 — DEBUG — Result bytes size for command '['--log-format', 'json', 'run-operation', 'elementary.log_macro_results', '--args', '{"macro_name": "elementary_cli.get_test_results", "macro_args": {"days_back": 7, "invocations_per_test": 720, "disable_passed_test_metrics": false}}', '--project-dir', '/Users/admin/Desktop/fx_macro_platform/.venv/lib/python3.12/site-packages/elementary/monitor/dbt_project', '--profiles-dir', '/Users/admin/Desktop/fx_macro_platform/dbt']' is 479710
2026-09-05 12:58:15 — INFO — Running dbt command --log-format json run-operation elementary.log_macro_results --args {"macro_name": "elementary_cli.get_source_freshness_results", "macro_args": {"days_back": 7, "invocations_per_test": 720}} --project-dir /Users/admin/Desktop/fx_macro_platform/.venv/lib/python3.12/site-packages/elementary/monitor/dbt_project --profiles-dir /Users/admin/Desktop/fx_macro_platform/dbt
2026-09-05 12:58:15 — DEBUG — Result bytes size for command '['--log-format', 'json', 'run-operation', 'elementary.log_macro_results', '--args', '{"macro_name": "elementary_cli.get_source_freshness_results", "macro_args": {"days_back": 7, "invocations_per_test": 720}}', '--project-dir', '/Users/admin/Desktop/fx_macro_platform/.venv/lib/python3.12/site-packages/elementary/monitor/dbt_project', '--profiles-dir', '/Users/admin/Desktop/fx_macro_platform/dbt']' is 402
2026-09-05 12:58:15 — INFO — Running dbt command --log-format json run-operation elementary.log_macro_results --args {"macro_name": "elementary_cli.get_seeds", "macro_args": {}} --project-dir /Users/admin/Desktop/fx_macro_platform/.venv/lib/python3.12/site-packages/elementary/monitor/dbt_project --profiles-dir /Users/admin/Desktop/fx_macro_platform/dbt
2026-09-05 12:58:16 — DEBUG — Result bytes size for command '['--log-format', 'json', 'run-operation', 'elementary.log_macro_results', '--args', '{"macro_name": "elementary_cli.get_seeds", "macro_args": {}}', '--project-dir', '/Users/admin/Desktop/fx_macro_platform/.venv/lib/python3.12/site-packages/elementary/monitor/dbt_project', '--profiles-dir', '/Users/admin/Desktop/fx_macro_platform/dbt']' is 1184
2026-09-05 12:58:16 — INFO — Running dbt command --log-format json run-operation elementary.log_macro_results --args {"macro_name": "elementary_cli.get_snapshots", "macro_args": {}} --project-dir /Users/admin/Desktop/fx_macro_platform/.venv/lib/python3.12/site-packages/elementary/monitor/dbt_project --profiles-dir /Users/admin/Desktop/fx_macro_platform/dbt
2026-09-05 12:58:17 — DEBUG — Result bytes size for command '['--log-format', 'json', 'run-operation', 'elementary.log_macro_results', '--args', '{"macro_name": "elementary_cli.get_snapshots", "macro_args": {}}', '--project-dir', '/Users/admin/Desktop/fx_macro_platform/.venv/lib/python3.12/site-packages/elementary/monitor/dbt_project', '--profiles-dir', '/Users/admin/Desktop/fx_macro_platform/dbt']' is 402
2026-09-05 12:58:17 — INFO — Running dbt command --log-format json run-operation elementary.log_macro_results --args {"macro_name": "elementary_cli.get_models", "macro_args": {"exclude_elementary": true}} --project-dir /Users/admin/Desktop/fx_macro_platform/.venv/lib/python3.12/site-packages/elementary/monitor/dbt_project --profiles-dir /Users/admin/Desktop/fx_macro_platform/dbt
2026-09-05 12:58:18 — DEBUG — Result bytes size for command '['--log-format', 'json', 'run-operation', 'elementary.log_macro_results', '--args', '{"macro_name": "elementary_cli.get_models", "macro_args": {"exclude_elementary": true}}', '--project-dir', '/Users/admin/Desktop/fx_macro_platform/.venv/lib/python3.12/site-packages/elementary/monitor/dbt_project', '--profiles-dir', '/Users/admin/Desktop/fx_macro_platform/dbt']' is 7592
2026-09-05 12:58:18 — INFO — Running dbt command --log-format json run-operation elementary.log_macro_results --args {"macro_name": "elementary_cli.get_sources", "macro_args": {}} --project-dir /Users/admin/Desktop/fx_macro_platform/.venv/lib/python3.12/site-packages/elementary/monitor/dbt_project --profiles-dir /Users/admin/Desktop/fx_macro_platform/dbt
2026-09-05 12:58:18 — DEBUG — Result bytes size for command '['--log-format', 'json', 'run-operation', 'elementary.log_macro_results', '--args', '{"macro_name": "elementary_cli.get_sources", "macro_args": {}}', '--project-dir', '/Users/admin/Desktop/fx_macro_platform/.venv/lib/python3.12/site-packages/elementary/monitor/dbt_project', '--profiles-dir', '/Users/admin/Desktop/fx_macro_platform/dbt']' is 1534
2026-09-05 12:58:18 — INFO — Running dbt command --log-format json run-operation elementary.log_macro_results --args {"macro_name": "elementary_cli.get_exposures", "macro_args": {}} --project-dir /Users/admin/Desktop/fx_macro_platform/.venv/lib/python3.12/site-packages/elementary/monitor/dbt_project --profiles-dir /Users/admin/Desktop/fx_macro_platform/dbt
2026-09-05 12:58:19 — DEBUG — Result bytes size for command '['--log-format', 'json', 'run-operation', 'elementary.log_macro_results', '--args', '{"macro_name": "elementary_cli.get_exposures", "macro_args": {}}', '--project-dir', '/Users/admin/Desktop/fx_macro_platform/.venv/lib/python3.12/site-packages/elementary/monitor/dbt_project', '--profiles-dir', '/Users/admin/Desktop/fx_macro_platform/dbt']' is 402
2026-09-05 12:58:19 — INFO — Running dbt command --log-format json run-operation elementary.log_macro_results --args {"macro_name": "elementary_cli.get_singular_tests", "macro_args": {}} --project-dir /Users/admin/Desktop/fx_macro_platform/.venv/lib/python3.12/site-packages/elementary/monitor/dbt_project --profiles-dir /Users/admin/Desktop/fx_macro_platform/dbt
2026-09-05 12:58:20 — DEBUG — Result bytes size for command '['--log-format', 'json', 'run-operation', 'elementary.log_macro_results', '--args', '{"macro_name": "elementary_cli.get_singular_tests", "macro_args": {}}', '--project-dir', '/Users/admin/Desktop/fx_macro_platform/.venv/lib/python3.12/site-packages/elementary/monitor/dbt_project', '--profiles-dir', '/Users/admin/Desktop/fx_macro_platform/dbt']' is 402
2026-09-05 12:58:20 — INFO — Running dbt command --log-format json run-operation elementary.log_macro_results --args {"macro_name": "elementary_cli.get_models_runs", "macro_args": {"days_back": 7, "exclude_elementary": true}} --project-dir /Users/admin/Desktop/fx_macro_platform/.venv/lib/python3.12/site-packages/elementary/monitor/dbt_project --profiles-dir /Users/admin/Desktop/fx_macro_platform/dbt
2026-09-05 12:58:21 — DEBUG — Result bytes size for command '['--log-format', 'json', 'run-operation', 'elementary.log_macro_results', '--args', '{"macro_name": "elementary_cli.get_models_runs", "macro_args": {"days_back": 7, "exclude_elementary": true}}', '--project-dir', '/Users/admin/Desktop/fx_macro_platform/.venv/lib/python3.12/site-packages/elementary/monitor/dbt_project', '--profiles-dir', '/Users/admin/Desktop/fx_macro_platform/dbt']' is 34884
2026-09-05 12:58:21 — INFO — Running dbt command --log-format json run-operation elementary.log_macro_results --args {"macro_name": "elementary_cli.get_dbt_models_test_coverage", "macro_args": {}} --project-dir /Users/admin/Desktop/fx_macro_platform/.venv/lib/python3.12/site-packages/elementary/monitor/dbt_project --profiles-dir /Users/admin/Desktop/fx_macro_platform/dbt
2026-09-05 12:58:21 — DEBUG — Result bytes size for command '['--log-format', 'json', 'run-operation', 'elementary.log_macro_results', '--args', '{"macro_name": "elementary_cli.get_dbt_models_test_coverage", "macro_args": {}}', '--project-dir', '/Users/admin/Desktop/fx_macro_platform/.venv/lib/python3.12/site-packages/elementary/monitor/dbt_project', '--profiles-dir', '/Users/admin/Desktop/fx_macro_platform/dbt']' is 1874
2026-09-05 12:58:21 — INFO — Running dbt command --log-format json run-operation elementary.log_macro_results --args {"macro_name": "elementary_cli.get_tests", "macro_args": {}} --project-dir /Users/admin/Desktop/fx_macro_platform/.venv/lib/python3.12/site-packages/elementary/monitor/dbt_project --profiles-dir /Users/admin/Desktop/fx_macro_platform/dbt
2026-09-05 12:58:22 — DEBUG — Result bytes size for command '['--log-format', 'json', 'run-operation', 'elementary.log_macro_results', '--args', '{"macro_name": "elementary_cli.get_tests", "macro_args": {}}', '--project-dir', '/Users/admin/Desktop/fx_macro_platform/.venv/lib/python3.12/site-packages/elementary/monitor/dbt_project', '--profiles-dir', '/Users/admin/Desktop/fx_macro_platform/dbt']' is 56012
2026-09-05 12:58:22 — INFO — Running dbt command --log-format json run-operation elementary.log_macro_results --args {"macro_name": "elementary_cli.get_nodes_depends_on_nodes", "macro_args": {"exclude_elementary": true}} --project-dir /Users/admin/Desktop/fx_macro_platform/.venv/lib/python3.12/site-packages/elementary/monitor/dbt_project --profiles-dir /Users/admin/Desktop/fx_macro_platform/dbt
2026-09-05 12:58:23 — DEBUG — Result bytes size for command '['--log-format', 'json', 'run-operation', 'elementary.log_macro_results', '--args', '{"macro_name": "elementary_cli.get_nodes_depends_on_nodes", "macro_args": {"exclude_elementary": true}}', '--project-dir', '/Users/admin/Desktop/fx_macro_platform/.venv/lib/python3.12/site-packages/elementary/monitor/dbt_project', '--profiles-dir', '/Users/admin/Desktop/fx_macro_platform/dbt']' is 3738
2026-09-05 12:58:23 — INFO — Running dbt command --log-format json run-operation elementary.log_macro_results --args {"macro_name": "elementary_cli.get_models_latest_invocation", "macro_args": {}} --project-dir /Users/admin/Desktop/fx_macro_platform/.venv/lib/python3.12/site-packages/elementary/monitor/dbt_project --profiles-dir /Users/admin/Desktop/fx_macro_platform/dbt
2026-09-05 12:58:24 — DEBUG — Result bytes size for command '['--log-format', 'json', 'run-operation', 'elementary.log_macro_results', '--args', '{"macro_name": "elementary_cli.get_models_latest_invocation", "macro_args": {}}', '--project-dir', '/Users/admin/Desktop/fx_macro_platform/.venv/lib/python3.12/site-packages/elementary/monitor/dbt_project', '--profiles-dir', '/Users/admin/Desktop/fx_macro_platform/dbt']' is 9174
2026-09-05 12:58:24 — INFO — Running dbt command --log-format json run-operation elementary.log_macro_results --args {"macro_name": "elementary_cli.get_models_latest_invocations_data", "macro_args": {}} --project-dir /Users/admin/Desktop/fx_macro_platform/.venv/lib/python3.12/site-packages/elementary/monitor/dbt_project --profiles-dir /Users/admin/Desktop/fx_macro_platform/dbt
2026-09-05 12:58:24 — DEBUG — Result bytes size for command '['--log-format', 'json', 'run-operation', 'elementary.log_macro_results', '--args', '{"macro_name": "elementary_cli.get_models_latest_invocations_data", "macro_args": {}}', '--project-dir', '/Users/admin/Desktop/fx_macro_platform/.venv/lib/python3.12/site-packages/elementary/monitor/dbt_project', '--profiles-dir', '/Users/admin/Desktop/fx_macro_platform/dbt']' is 854
